// Jest Snapshot v1, https://goo.gl/fbAQLP

exports[`ReposComponent default view is empty 1`] = `undefined`;
